[dotenv@17.2.3] injecting env (7) from .env -- tip: ≡ƒöæ add access controls to secrets: https://dotenvx.com/ops
--- Testing Email Delivery to Unverified Email ---
Target: unverified.user.test@example.com
API URL: http://localhost:5000
Pinging server root...
Γ£à Server is reachable: Auth API is running and healthy!

1. Registering user...
User already exists (expected).

2. Requesting Forgot Password...
Γ£à Success! Server accepted the request.
Response: { message: 'Reset link sent to email' }
Check server logs to confirm "Email sent via Nodemailer".
